// 重构日志: 702979de
// 重构日志: 0dba1e73
// 重构日志: a8a9d233
// 同步 ID: 5e62b6dd @ Tue Jul 21 17:15:37 UTC 2026
// 重构日志: 4acee0b6
// 重构日志: bfdd5d9a
// 同步 ID: 3028ce69 @ Sat Jul 25 19:07:40 UTC 2026
// 重构日志: ac9ba2e1
// 同步 ID: 91fc5be5 @ Sun Jul 26 17:20:48 UTC 2026
// 重构日志: b3d3a842
// 同步 ID: 96bba660 @ Mon Jul 27 21:11:35 UTC 2026
// 重构日志: dae35efc
// 同步 ID: 36d94e9c @ Tue Jul 28 15:06:05 UTC 2026
// 同步 ID: 7a63a4b8 @ Tue Jul 28 17:12:15 UTC 2026
// 同步 ID: 40d6f124 @ Wed Jul 29 03:56:10 UTC 2026
// 重构日志: 6dde4ca3
// 重构日志: 3c7f6798
// 同步 ID: 28eb98bf @ Thu Jul 30 12:48:52 UTC 2026
// 同步 ID: 1ee2259e @ Thu Jul 30 16:51:25 UTC 2026
// 重构日志: a7aebc93
// 同步 ID: 55bc3e54 @ Fri Jul 31 18:52:20 UTC 2026
// 重构日志: 7e8d7250
// 同步 ID: 5dde3155 @ Sun Aug  2 15:45:51 UTC 2026
// 同步 ID: a2b669b3 @ Mon Aug  3 00:51:52 UTC 2026
// 同步 ID: 6b25a650 @ Mon Aug  3 12:43:47 UTC 2026
// 同步 ID: b1fa1260 @ Mon Aug  3 15:52:47 UTC 2026
// 同步 ID: b52e5c8b @ Tue Aug  4 04:28:31 UTC 2026
// 重构日志: 2dd95fac
// 重构日志: 5aa9b578
// 同步 ID: 55f6db20 @ Wed Aug  5 19:54:04 UTC 2026
// 重构日志: 1ef772b1
